<Event xmlns="http://schemas.microsoft.com/win/2004/08/events/event">
  <System>
    <Provider Name="MSSQL$RADAR">
    </Provider>
    <EventID Qualifiers="16384">33205</EventID>
    <Level>0</Level>
    <Task>5</Task>
    <Keywords>0xa0000000000000</Keywords>
    <TimeCreated SystemTime="2020-07-15T21:05:18.160815Z">
    </TimeCreated>
    <EventRecordID>59075</EventRecordID>
    <Channel>Application</Channel>
    <Computer>mssql01.offsec.lan</Computer>
    <Security>
    </Security>
  </System>
  <EventData>
    <Data>audit_schema_version:1
event_time:2020-07-15 21:05:15.2315183
sequence_number:1
action_id:CR  
succeeded:true
is_column_permission:false
session_id:52
server_principal_id:2
database_principal_id:1
target_server_principal_id:0
target_database_principal_id:0
object_id:264
user_defined_event_id:0
class_type:SL
permission_bitmask:00000000000000000000000000000000
sequence_group_id:0F5E049F-DE52-439E-A9B1-77399994367B
session_server_principal_name:OFFSEC\admmig
server_principal_name:OFFSEC\admmig
server_principal_sid:01050000000000051500000056d628fc05668f976f2456bb57040000
database_principal_name:dbo
target_server_principal_name:
target_server_principal_sid:
target_database_principal_name:
server_instance_name:MSSQL01\RADAR
database_name:master
schema_name:
object_name:test-sql
statement:CREATE LOGIN [test-sql] WITH PASSWORD=N'******', DEFAULT_DATABASE=[master], CHECK_EXPIRATION=OFF, CHECK_POLICY=OFF
additional_information:
user_defined_information:
</Data>
    <Binary></Binary>
  </EventData>
</Event>
<Event xmlns="http://schemas.microsoft.com/win/2004/08/events/event">
  <System>
    <Provider Name="MSSQL$RADAR">
    </Provider>
    <EventID Qualifiers="16384">33205</EventID>
    <Level>0</Level>
    <Task>5</Task>
    <Keywords>0xa0000000000000</Keywords>
    <TimeCreated SystemTime="2020-07-15T21:06:38.288883Z">
    </TimeCreated>
    <EventRecordID>59082</EventRecordID>
    <Channel>Application</Channel>
    <Computer>mssql01.offsec.lan</Computer>
    <Security>
    </Security>
  </System>
  <EventData>
    <Data>audit_schema_version:1
event_time:2020-07-15 21:06:38.2107559
sequence_number:1
action_id:APRL
succeeded:true
is_column_permission:false
session_id:52
server_principal_id:2
database_principal_id:1
target_server_principal_id:264
target_database_principal_id:0
object_id:3
user_defined_event_id:0
class_type:SG
permission_bitmask:00000000000000000000000000000000
sequence_group_id:C83A7B3B-F5D2-451A-9453-FAAA27FE4F69
session_server_principal_name:OFFSEC\admmig
server_principal_name:OFFSEC\admmig
server_principal_sid:01050000000000051500000056d628fc05668f976f2456bb57040000
database_principal_name:dbo
target_server_principal_name:test-sql
target_server_principal_sid:ff3873c6bcf5c04f89e4773e8797f200
target_database_principal_name:
server_instance_name:MSSQL01\RADAR
database_name:master
schema_name:
object_name:sysadmin
statement:ALTER SERVER ROLE [sysadmin] ADD MEMBER [test-sql]
additional_information:
user_defined_information:
</Data>
    <Binary></Binary>
  </EventData>
</Event>
<Event xmlns="http://schemas.microsoft.com/win/2004/08/events/event">
  <System>
    <Provider Name="MSSQL$RADAR">
    </Provider>
    <EventID Qualifiers="16384">33205</EventID>
    <Level>0</Level>
    <Task>4</Task>
    <Keywords>0x90000000000000</Keywords>
    <TimeCreated SystemTime="2020-07-15T19:51:22.012512Z">
    </TimeCreated>
    <EventRecordID>59013</EventRecordID>
    <Channel>Application</Channel>
    <Computer>mssql01.offsec.lan</Computer>
    <Security>
    </Security>
  </System>
  <EventData>
    <Data>audit_schema_version:1
event_time:2020-07-15 19:51:18.2740994
sequence_number:1
action_id:LGIF
succeeded:false
is_column_permission:false
session_id:0
server_principal_id:0
database_principal_id:0
target_server_principal_id:0
target_database_principal_id:0
object_id:0
user_defined_event_id:0
class_type:LX
permission_bitmask:00000000000000000000000000000000
sequence_group_id:F86AEE82-9244-4C31-AAAE-CA4BAF5FCA1A
session_server_principal_name:
server_principal_name:sa
server_principal_sid:
database_principal_name:
target_server_principal_name:
target_server_principal_sid:
target_database_principal_name:
server_instance_name:MSSQL01\RADAR
database_name:
schema_name:
object_name:
statement:Login failed for user 'sa'. Reason: Password did not match that for the login provided. [CLIENT: 10.23.23.9]
additional_information:&lt;action_info xmlns="http://schemas.microsoft.com/sqlserver/2008/sqlaudit_data"&gt;&lt;pooled_connection&gt;0&lt;/pooled_connection&gt;&lt;error&gt;0x00004818&lt;/error&gt;&lt;state&gt;8&lt;/state&gt;&lt;address&gt;10.23.23.9&lt;/address&gt;&lt;/action_info&gt;
user_defined_information:
</Data>
    <Binary></Binary>
  </EventData>
</Event>
<Event xmlns="http://schemas.microsoft.com/win/2004/08/events/event">
  <System>
    <Provider Name="MSSQL$RADAR">
    </Provider>
    <EventID Qualifiers="16384">33205</EventID>
    <Level>0</Level>
    <Task>5</Task>
    <Keywords>0xa0000000000000</Keywords>
    <TimeCreated SystemTime="2020-11-24T09:07:39.560840Z">
    </TimeCreated>
    <EventRecordID>113171</EventRecordID>
    <Channel>Application</Channel>
    <Computer>mssql01.offsec.lan</Computer>
    <Security>
    </Security>
  </System>
  <EventData>
    <Data>audit_schema_version:1
event_time:2020-11-24 09:07:39.5608406
sequence_number:1
action_id:AUSC
succeeded:true
is_column_permission:false
session_id:53
server_principal_id:2
database_principal_id:0
target_server_principal_id:0
target_database_principal_id:0
object_id:0
user_defined_event_id:0
class_type:A 
permission_bitmask:00000000000000000000000000000000
sequence_group_id:00000000-0000-0000-0000-000000000000
session_server_principal_name:OFFSEC\admin-hacker
server_principal_name:OFFSEC\admin-hacker
server_principal_sid:01050000000000051500000056d628fc05668f976f2456bb7b040000
database_principal_name:
target_server_principal_name:
target_server_principal_sid:
target_database_principal_name:
server_instance_name:MSSQL01\RADAR
database_name:
schema_name:
object_name:
statement:
additional_information:&lt;action_info xmlns="http://schemas.microsoft.com/sqlserver/2008/sqlaudit_data"&gt;&lt;session&gt;&lt;![CDATA[Test-audit-srv-object$A]]&gt;&lt;/session&gt;&lt;action&gt;destroyed&lt;/action&gt;&lt;/action_info&gt;
user_defined_information:
</Data>
    <Binary></Binary>
  </EventData>
</Event>
<Event xmlns="http://schemas.microsoft.com/win/2004/08/events/event">
  <System>
    <Provider Name="MSSQL$RADAR">
    </Provider>
    <EventID Qualifiers="16384">33205</EventID>
    <Level>0</Level>
    <Task>5</Task>
    <Keywords>0xa0000000000000</Keywords>
    <TimeCreated SystemTime="2020-07-15T21:09:08.512430Z">
    </TimeCreated>
    <EventRecordID>59120</EventRecordID>
    <Channel>Application</Channel>
    <Computer>mssql01.offsec.lan</Computer>
    <Security>
    </Security>
  </System>
  <EventData>
    <Data>audit_schema_version:1
event_time:2020-07-15 21:09:06.1166932
sequence_number:1
action_id:CR  
succeeded:true
is_column_permission:false
session_id:54
server_principal_id:2
database_principal_id:1
target_server_principal_id:0
target_database_principal_id:0
object_id:5
user_defined_event_id:0
class_type:SU
permission_bitmask:00000000000000000000000000000000
sequence_group_id:75F1A4D3-4BE1-4A50-994F-7E8197076177
session_server_principal_name:OFFSEC\admmig
server_principal_name:OFFSEC\admmig
server_principal_sid:01050000000000051500000056d628fc05668f976f2456bb57040000
database_principal_name:dbo
target_server_principal_name:
target_server_principal_sid:
target_database_principal_name:
server_instance_name:MSSQL01\RADAR
database_name:RCS-TEST-db
schema_name:
object_name:test-sql
statement:CREATE USER [test-sql] FOR LOGIN [test-sql]
additional_information:
user_defined_information:
</Data>
    <Binary></Binary>
  </EventData>
</Event>
