<Event xmlns="http://schemas.microsoft.com/win/2004/08/events/event">
  <System>
    <Provider Name="MSSQLSERVER">
    </Provider>
    <EventID Qualifiers="49152">18456</EventID>
    <Level>0</Level>
    <Task>4</Task>
    <Keywords>0x90000000000000</Keywords>
    <TimeCreated SystemTime="2019-11-04T13:46:01.171339Z">
    </TimeCreated>
    <EventRecordID>13026</EventRecordID>
    <Channel>Application</Channel>
    <Computer>MSEDGEWIN10</Computer>
    <Security>
    </Security>
  </System>
  <EventData>
    <Data>sa</Data>
    <Data> Reason: Password did not match that for the login provided.</Data>
    <Data> [CLIENT: 10.0.2.17]</Data>
    <Binary>184800000E0000000C0000004D0053004500440047004500570049004E00310030000000070000006D00610073007400650072000000</Binary>
  </EventData>
</Event>
<Event xmlns="http://schemas.microsoft.com/win/2004/08/events/event">
  <System>
    <Provider Name="MSSQLSERVER">
    </Provider>
    <EventID Qualifiers="49152">18456</EventID>
    <Level>0</Level>
    <Task>4</Task>
    <Keywords>0x90000000000000</Keywords>
    <TimeCreated SystemTime="2019-11-04T13:46:01.187637Z">
    </TimeCreated>
    <EventRecordID>13027</EventRecordID>
    <Channel>Application</Channel>
    <Computer>MSEDGEWIN10</Computer>
    <Security>
    </Security>
  </System>
  <EventData>
    <Data>##MS_SQLResourceSigningCertificate##</Data>
    <Data> Reason: Attempting to use an NT account name with SQL Server Authentication.</Data>
    <Data> [CLIENT: 10.0.2.17]</Data>
    <Binary>184800000E0000000C0000004D0053004500440047004500570049004E00310030000000070000006D00610073007400650072000000</Binary>
  </EventData>
</Event>
<Event xmlns="http://schemas.microsoft.com/win/2004/08/events/event">
  <System>
    <Provider Name="MSSQLSERVER">
    </Provider>
    <EventID Qualifiers="49152">18456</EventID>
    <Level>0</Level>
    <Task>4</Task>
    <Keywords>0x90000000000000</Keywords>
    <TimeCreated SystemTime="2019-11-04T13:46:01.202731Z">
    </TimeCreated>
    <EventRecordID>13028</EventRecordID>
    <Channel>Application</Channel>
    <Computer>MSEDGEWIN10</Computer>
    <Security>
    </Security>
  </System>
  <EventData>
    <Data>##MS_SQLReplicationSigningCertificate##</Data>
    <Data> Reason: Attempting to use an NT account name with SQL Server Authentication.</Data>
    <Data> [CLIENT: 10.0.2.17]</Data>
    <Binary>184800000E0000000C0000004D0053004500440047004500570049004E00310030000000070000006D00610073007400650072000000</Binary>
  </EventData>
</Event>
<Event xmlns="http://schemas.microsoft.com/win/2004/08/events/event">
  <System>
    <Provider Name="MSSQLSERVER">
    </Provider>
    <EventID Qualifiers="49152">18456</EventID>
    <Level>0</Level>
    <Task>4</Task>
    <Keywords>0x90000000000000</Keywords>
    <TimeCreated SystemTime="2019-11-04T13:46:01.202731Z">
    </TimeCreated>
    <EventRecordID>13029</EventRecordID>
    <Channel>Application</Channel>
    <Computer>MSEDGEWIN10</Computer>
    <Security>
    </Security>
  </System>
  <EventData>
    <Data>##MS_SQLAuthenticatorCertificate##</Data>
    <Data> Reason: Attempting to use an NT account name with SQL Server Authentication.</Data>
    <Data> [CLIENT: 10.0.2.17]</Data>
    <Binary>184800000E0000000C0000004D0053004500440047004500570049004E00310030000000070000006D00610073007400650072000000</Binary>
  </EventData>
</Event>
<Event xmlns="http://schemas.microsoft.com/win/2004/08/events/event">
  <System>
    <Provider Name="MSSQLSERVER">
    </Provider>
    <EventID Qualifiers="49152">18456</EventID>
    <Level>0</Level>
    <Task>4</Task>
    <Keywords>0x90000000000000</Keywords>
    <TimeCreated SystemTime="2019-11-04T13:46:01.222452Z">
    </TimeCreated>
    <EventRecordID>13030</EventRecordID>
    <Channel>Application</Channel>
    <Computer>MSEDGEWIN10</Computer>
    <Security>
    </Security>
  </System>
  <EventData>
    <Data>##MS_PolicySigningCertificate##</Data>
    <Data> Reason: Attempting to use an NT account name with SQL Server Authentication.</Data>
    <Data> [CLIENT: 10.0.2.17]</Data>
    <Binary>184800000E0000000C0000004D0053004500440047004500570049004E00310030000000070000006D00610073007400650072000000</Binary>
  </EventData>
</Event>
