{
    "metadata": {
        "customerIDString": "8f69fe9e-b995-4204-95ad-44f9bcf75b6b",
        "offset": 1045,
        "eventType": "RemoteResponseSessionStartEvent",
        "eventCreationTime": 1582830734000,
        "version": "1.0"
    },
    "event": {
        "SessionId": "6020260b-0398-4d41-999d-5531b55522de",
        "HostnameField": "hostnameofmachine",
        "UserName": "first.last@company.com",
        "StartTimestamp": 1582830734
    }
}
{
    "metadata": {
        "customerIDString": "8f69fe9e-b995-4204-95ad-44f9bcf75b6b",
        "offset": 1046,
        "eventType": "RemoteResponseSessionEndEvent",
        "eventCreationTime": 1582830772000,
        "version": "1.0"
    },
    "event": {
        "SessionId": "6020260b-0398-4d41-999d-5531b55522de",
        "HostnameField": "hostnameofmachine",
        "UserName": "first.last@company.com",
        "EndTimestamp": 1582830772
    }
}
{
    "metadata": {
        "customerIDString": "8f69fe9e-b995-4204-95ad-44f9bcf75b6b",
        "offset": 0,
        "eventType": "AuthActivityAuditEvent",
        "eventCreationTime": 1581542950710,
        "version": "1.0"
    },
    "event": {
        "UserId": "api-client-id:1234567890abcdefghijklmnopqrstuvwxyz",
        "UserIp": "10.10.0.8",
        "OperationName": "streamStarted",
        "ServiceName": "Crowdstrike Streaming API",
        "Success": true,
        "UTCTimestamp": 1581542950,
        "AuditKeyValues": [
            {
                "Key": "APIClientID",
                "ValueString": "1234567890abcdefghijklmnopqr"
            },
            {
                "Key": "partition",
                "ValueString": "0"
            },
            {
                "Key": "offset",
                "ValueString": "-1"
            },
            {
                "Key": "appId",
                "ValueString": "siem-connector-v2.0.0"
            },
            {
                "Key": "eventType",
                "ValueString": "[UserActivityAuditEvent HashSpreadingEvent RemoteResponseSessionStartEvent RemoteResponseSessionEndEvent DetectionSummaryEvent AuthActivityAuditEvent]"
            }
        ]
    }
}
{
    "metadata": {
        "customerIDString": "8f69fe9e-b995-4204-95ad-44f9bcf75b6b",
        "offset": 1,
        "eventType": "AuthActivityAuditEvent",
        "eventCreationTime": 1581543577147,
        "version": "1.0"
    },
    "event": {
        "UserId": "alice@company.com",
        "UserIp": "192.168.6.8",
        "OperationName": "twoFactorAuthenticate",
        "ServiceName": "CrowdStrike Authentication",
        "Success": true,
        "UTCTimestamp": 1581543577147
    }
}
{
    "metadata": {
        "customerIDString": "8f69fe9e-b995-4204-95ad-44f9bcf75b6b",
        "offset": 2,
        "eventType": "AuthActivityAuditEvent",
        "eventCreationTime": 1581545677554,
        "version": "1.0"
    },
    "event": {
        "UserId": "bob@company.com",
        "UserIp": "192.168.6.3",
        "OperationName": "twoFactorAuthenticate",
        "ServiceName": "CrowdStrike Authentication",
        "Success": true,
        "UTCTimestamp": 1581545677554
    }
}
